[]string{"Line\nLine\nLine\nLine", "\nLine\nLine", "\nLine\nLine"}
