{
  "id": "40bb3b32f9da57a0697285daabb777965720b96e",
  "group_id": 3,
  "name": "Sourcegraph",
  "description": "",
  "created_on": "2020-11-30 16:51:34.000000000",
  "owner": "Sourcegraph",
  "owner_id": "40bb3b32f9da57a0697285daabb777965720b96e"
 }