{
  "idan-temp": {
   "description": "",
   "id": "idan-temp",
   "name": "",
   "parent": "",
   "state": "ACTIVE",
   "branches": null,
   "labels": null
  },
  "k8s-gerrit": {
   "description": "",
   "id": "k8s-gerrit",
   "name": "",
   "parent": "",
   "state": "ACTIVE",
   "branches": null,
   "labels": null
  },
  "sourcegraph": {
   "description": "",
   "id": "sourcegraph",
   "name": "",
   "parent": "",
   "state": "ACTIVE",
   "branches": null,
   "labels": null
  }
 }