---
source: crates/sg-syntax/src/sg_sciptect.rs
assertion_line: 554
expression: "dump_document(&document, &contents)"
---
  @requires_authorization(roles=["ADMIN"])
// ^^^^^^^^^^^^^^^^^^^^^^ Identifier
//                        ^^^^^ Identifier
//                             ^ IdentifierOperator
//                              ^ PunctuationBracket
//                               ^ StringLiteral
//                                ^^^^^^ StringLiteral
//                                      ^ PunctuationBracket
  def somefunc(param1='', param2=0):
//^^^ Keyword
//    ^^^^^^^^ IdentifierFunction
//             ^^^^^^ Identifier
//                   ^ IdentifierOperator
//                    ^ StringLiteral
//                     ^ StringLiteral
//                        ^^^^^^ Identifier
//                              ^ IdentifierOperator
//                               ^ NumericLiteral
      r'''A docstring'''
//    ^ IdentifierType
//     ^^^^^^^^^^^^^^^^^ Comment
      if param1 > param2: # interesting
//    ^^ Keyword
//              ^ IdentifierOperator
//                        ^^^^^^^^^^^^^ Comment
          print 'Gre\'ater'
//        ^^^^^ Keyword
//              ^ StringLiteral
//               ^^^ StringLiteral
//                  ^^ StringLiteralEscape
//                    ^^^^^ StringLiteral
      return (param2 - param1 + 1 + 0b10l) or None
//    ^^^^^^ Keyword
//                   ^ IdentifierOperator
//                            ^ IdentifierOperator
//                              ^ NumericLiteral
//                                ^ IdentifierOperator
//                                  ^^^^ NumericLiteral
//                                      ^ IdentifierType
//                                         ^^ IdentifierOperator
//                                            ^^^^ IdentifierBuiltin
  
  class SomeClass:
//^^^^^ Keyword
      pass
//    ^^^^ Keyword

