---
source: crates/sg-syntax/src/sg_sciptect.rs
assertion_line: 554
expression: "dump_document(&document, &contents)"
---
  int main() {
//^^^ IdentifierType
//    ^^^^ IdentifierFunction
    return 0;
//  ^^^^^^ Keyword
//         ^ NumericLiteral
//          ^ PunctuationDelimiter
  }

