---
source: crates/sg-syntax/src/sg_sciptect.rs
assertion_line: 539
expression: "dump_document(&document, &contents)"
---
  {
//^ PunctuationBracket
      "hello": "world",
//    ^^^^^^^ StringLiteral
//             ^^^^^^^ StringLiteral
      "list": [null, 1, 2.0, true, false]
//    ^^^^^^ StringLiteral
//             ^^^^ IdentifierBuiltin
//                   ^ NumericLiteral
//                      ^^^ NumericLiteral
//                           ^^^^ IdentifierBuiltin
//                                 ^^^^^ IdentifierBuiltin
  }
//^ PunctuationBracket

