---
source: crates/sg-syntax/src/sg_treesitter.rs
assertion_line: 659
expression: "dump_document(&document, src)"
---
  package main
//^^^^^^^ Keyword
//        ^^^^ IdentifierNamespace
  
  const MySqlQuery = `
//^^^^^ Keyword
//      ^^^^^^^^^^ IdentifierConstant
//                 ^ IdentifierOperator
  SELECT * FROM my_table
  `

