---
source: crates/sg-syntax/src/sg_treesitter.rs
assertion_line: 721
expression: "dump_document_folds(&document, &contents, &None)"
---
// package main
// 
// ┌─┐(fold): func main() {...
// │ func main() {
// │  sum := 0
// │ ┌──┐(fold): if x == 1 {...
// │ │  if x == 1 {
// │ │   fmt.Println("Yo, ...")
// │ │   fmt.Println("... Amazing!")
// │ │  }
// │ └──┘
// │ 
// │ ┌──┐(fold): for _, x := range []int{1, 2, 3} {...
// │ │  for _, x := range []int{1, 2, 3} {
// │ │   // Hello world
// │ │ 
// │ │   sum = sum + 1
// │ │  }
// │ └──┘
// │ 
// │  fmt.Println("Sum:", sum)
// │ }
// └─┘

