---
source: crates/sg-syntax/src/sg_treesitter.rs
assertion_line: 644
expression: "dump_document(&document, src)"
---
  package main
//^^^^^^^ Keyword
//        ^^^^ IdentifierNamespace
  import "fmt"
//^^^^^^ Keyword
//       ^^^^^ StringLiteral
  
  func main() {
//^^^^ Keyword
//     ^^^^ IdentifierFunctionDefinition
   fmt.Println("Hello, world", 5)
// ^^^ IdentifierBuiltin
//     ^^^^^^^ IdentifierFunctionDefinition
//             ^^^^^^^^^^^^^^ StringLiteral
//                           ^ PunctuationDelimiter
//                             ^ NumericLiteral
  }

