---
source: crates/sg-syntax/src/sg_sciptect.rs
assertion_line: 554
expression: "dump_document(&document, &contents)"
---
  #include <stdbool.h>
//^^^^^^^^ Keyword
//        ^ IdentifierNamespace
//         ^^^^^^^^^^^ StringLiteral
  
  int main() {
//^^^ IdentifierType
//    ^^^^ IdentifierFunction
    // Single line comment
//  ^^^^^^^^^^^^^^^^^^^^^^ Comment
    int x = 1;
//  ^^^ IdentifierType
//        ^ IdentifierOperator
//          ^ NumericLiteral
//           ^ PunctuationDelimiter
  
    /*
     *Multi Line
     */
  
    return x;
//  ^^^^^^ Keyword
//          ^ PunctuationDelimiter
  }

