---
source: crates/sg-syntax/src/sg_sciptect.rs
assertion_line: 554
expression: "dump_document(&document, &contents)"
---
  using System;
//^^^^^ Keyword
//      ^^^^^^ IdentifierNamespace
//            ^ PunctuationDelimiter
  
  namespace Example
//^^^^^^^^^ IdentifierNamespace
  {
      public void Something()
//    ^^^^^^ Keyword
//           ^^^^ IdentifierType
//                ^^^^^^^^^ IdentifierFunction
      {
          var x = "ä¸–ç•Œ";
//        ^^^ IdentifierType
//            ^ Identifier
//              ^ IdentifierOperator
//                ^^^^ StringLiteral
//                    ^ PunctuationDelimiter
          var y = "ä¸–ç•Œ Hello, ä¸–ç•Œ";
//        ^^^ IdentifierType
//            ^ Identifier
//              ^ IdentifierOperator
//                ^^^^^^^^^^^^^^ StringLiteral
//                              ^ PunctuationDelimiter
  
          var emoji = "ðŸ¥³";
//        ^^^ IdentifierType
//            ^^^^^ Identifier
//                  ^ IdentifierOperator
//                    ^^^ StringLiteral
//                       ^ PunctuationDelimiter
      }
  }

