---
source: crates/scip-syntax/src/locals.rs
assertion_line: 521
expression: dumped
---
  module X = struct
    let x = 0
  end
  
  let x = 1
  
  let x()=
    let x = x in
    x + X.x

